// Jest Snapshot v1, https://goo.gl/fbAQLP

exports[`The \`camt053ToTransaction\` function converts camt053 JSON into actual-budget transaction objects 1`] = `
[
  {
    "account": "test-account-id",
    "amount": 5000,
    "cleared": true,
    "date": "2001-02-02",
    "id": "RE22RVOIVYJBCYZK-1",
    "imported_id": "RE22RVOIVYJBCYZK-1",
    "imported_payee": "TWINT: , Ut Dolor Dapibus Industries",
    "notes": "Belastung TWINT: , Ut Dolor Dapibus Industries",
    "payee_name": "TWINT: , Ut Dolor Dapibus Industries",
  },
  {
    "account": "test-account-id",
    "amount": 230,
    "cleared": true,
    "date": "2001-02-02",
    "id": "3UQQCECHVU24Q66L",
    "imported_id": "3UQQCECHVU24Q66L",
    "imported_payee": "Nunc In Consulting",
    "notes": "Online-Einkauf ZKB Visa Debit Card Nr. xxxx 0xxx, Nunc In Consulting",
    "payee_name": "Nunc In Consulting",
  },
  {
    "account": "test-account-id",
    "amount": 230,
    "cleared": true,
    "date": "2001-02-02",
    "id": "VP7VDRG7LCXUROLX",
    "imported_id": "VP7VDRG7LCXUROLX",
    "imported_payee": "Arcu LL",
    "notes": "Online-Einkauf ZKB Visa Debit Card Nr. xxxx 0xxx, Arcu LL",
    "payee_name": "Arcu LL",
  },
  {
    "account": "test-account-id",
    "amount": 2480,
    "cleared": true,
    "date": "2001-02-02",
    "id": "YNBA2JZDRTUPHVVY",
    "imported_id": "YNBA2JZDRTUPHVVY",
    "imported_payee": "Crusty Crab Restaurant Bikini Bottom",
    "notes": "Einkauf ZKB Visa Debit Card Nr. xxxx 0xxx, Crusty Crab Restaurant Bikini Bottom",
    "payee_name": "Crusty Crab Restaurant Bikini Bottom",
  },
  {
    "account": "test-account-id",
    "amount": 150,
    "cleared": true,
    "date": "2001-02-02",
    "id": "TZCCJDWO7M7WZHDP",
    "imported_id": "TZCCJDWO7M7WZHDP",
    "imported_payee": "Crusty Crab Restaurant Bikini Bottom",
    "notes": "Einkauf ZKB Visa Debit Card Nr. xxxx 0xxx, Crusty Crab Restaurant Bikini Bottom",
    "payee_name": "Crusty Crab Restaurant Bikini Bottom",
  },
  {
    "account": "test-account-id",
    "amount": -999925,
    "cleared": true,
    "date": "2001-02-02",
    "id": "Z7AFWZ4V6XCEZ",
    "imported_id": "Z7AFWZ4V6XCEZ",
    "imported_payee": "Crusty Crab AG",
    "notes": "Gutschrift: Auftrags-Nr. xxx (Salaerzahlung)",
    "payee_name": "Crusty Crab AG",
  },
  {
    "account": "test-account-id",
    "amount": 28200,
    "cleared": true,
    "date": "2001-02-05",
    "id": "YZUCQITEOSPXC",
    "imported_id": "YZUCQITEOSPXC",
    "imported_payee": "Fringilla Cursus Purus LLC",
    "notes": "Belastung eBill: Auftrags-Nr. xxx (123456789)",
    "payee_name": "Fringilla Cursus Purus LLC",
  },
  {
    "account": "test-account-id",
    "amount": 58800,
    "cleared": true,
    "date": "2001-02-05",
    "id": "YFE6VNWZATTKB",
    "imported_id": "YFE6VNWZATTKB",
    "imported_payee": "Eu Dolor Foundation",
    "notes": "Belastung Dauerauftrag: Auftrags-Nr. xxx (Monthly Payment for Pineapple Insurance)",
    "payee_name": "Eu Dolor Foundation",
  },
  {
    "account": "test-account-id",
    "amount": 230,
    "cleared": true,
    "date": "2001-02-05",
    "id": "4DPRH8TCGXAYPZWD",
    "imported_id": "4DPRH8TCGXAYPZWD",
    "imported_payee": "Maecenas PC",
    "notes": "Online-Einkauf ZKB Visa Debit Card Nr. xxxx 0193, Maecenas PC",
    "payee_name": "Maecenas PC",
  },
  {
    "account": "test-account-id",
    "amount": -1000,
    "cleared": true,
    "date": "2001-02-04",
    "id": "YEP66MP33MMUH",
    "imported_id": "YEP66MP33MMUH",
    "imported_payee": "Crusty Crab AG",
    "notes": "Gutschrift: Auftrags-Nr. xxx (Patty Reimbursement)",
    "payee_name": "Crusty Crab AG",
  },
  {
    "account": "test-account-id",
    "amount": 25850,
    "cleared": true,
    "date": "2001-02-04",
    "id": "C4CBEGNHGCABB",
    "imported_id": "C4CBEGNHGCABB",
    "imported_payee": "Tempus Scelerisque Incorporated",
    "notes": "Belastung eBanking Mobile: Auftrags-Nr. xxx (Montly Payment for Pineapple Insurance)",
    "payee_name": "Tempus Scelerisque Incorporated",
  },
  {
    "account": "test-account-id",
    "amount": -12925,
    "cleared": true,
    "date": "2001-02-04",
    "id": "PJ3HJVPJJBKRXBN6-2",
    "imported_id": "PJ3HJVPJJBKRXBN6-2",
    "imported_payee": " TWINT: Star, Patrick xxx",
    "notes": "Gutschrift TWINT: Star, Patrick xxx",
    "payee_name": " TWINT: Star, Patrick xxx",
  },
  {
    "account": "test-account-id",
    "amount": 500000,
    "cleared": true,
    "date": "2001-02-03",
    "id": "EWAYN6BUVBEPD",
    "imported_id": "EWAYN6BUVBEPD",
    "imported_payee": "Patrick Star",
    "notes": "Belastung eBanking Mobile: Auftrags-Nr. xxx",
    "payee_name": "Patrick Star",
  },
  {
    "account": "test-account-id",
    "amount": 139,
    "cleared": true,
    "date": "2001-02-03",
    "id": "NXUGJRVXUW8BE8EM",
    "imported_id": "NXUGJRVXUW8BE8EM",
    "imported_payee": "Nunc Mauris Limited",
    "notes": "Online-Einkauf aus Abonnement ZKB Visa Debit Card Nr. xxxx 0xxx, Nunc Mauris Limited",
    "payee_name": "Nunc Mauris Limited",
  },
  {
    "account": "test-account-id",
    "amount": 2185,
    "cleared": true,
    "date": "2001-02-03",
    "id": "SSZGZDY2QOMT8UZZ",
    "imported_id": "SSZGZDY2QOMT8UZZ",
    "imported_payee": "In Faucibus Inc.",
    "notes": "Einkauf ZKB Visa Debit Card Nr. xxxx 0xxx, In Faucibus Inc.",
    "payee_name": "In Faucibus Inc.",
  },
  {
    "account": "test-account-id",
    "amount": 390,
    "cleared": true,
    "date": "2023-02-01",
    "id": "TTKH7NNVIFGOEPG3-1",
    "imported_id": "TTKH7NNVIFGOEPG3-1",
    "imported_payee": "TWINT: Automat Mus Aenean Inc.",
    "notes": "Belastung TWINT: Automat Mus Aenean Inc.",
    "payee_name": "TWINT: Automat Mus Aenean Inc.",
  },
  {
    "account": "test-account-id",
    "amount": 380,
    "cleared": true,
    "date": "2023-02-01",
    "id": "JUGUSXJYLBPD9GT9-1",
    "imported_id": "JUGUSXJYLBPD9GT9-1",
    "imported_payee": "TWINT: Automat Mus Aenean Inc.",
    "notes": "Belastung TWINT: Automat Mus Aenean Inc.",
    "payee_name": "TWINT: Automat Mus Aenean Inc.",
  },
]
`;
